src/components/expenses/add-transaction-dialog.tsx(74,9): error TS2322: Type 'Resolver<{ Type: "income" | "expense"; Date: Date; Amount: unknown; PeopleID: string; Description?: string | undefined; CategoryID?: string | undefined; SubCategoryID?: string | undefined; ProjectID?: string | undefined; }, any, { ...; }>' is not assignable to type 'Resolver<{ Type: "income" | "expense"; Date: Date; Amount: number; PeopleID: string; Description?: string | undefined; CategoryID?: string | undefined; SubCategoryID?: string | undefined; ProjectID?: string | undefined; }, any, { ...; }>'.
  Types of parameters 'options' and 'options' are incompatible.
    Type 'ResolverOptions<{ Type: "income" | "expense"; Date: Date; Amount: number; PeopleID: string; Description?: string | undefined; CategoryID?: string | undefined; SubCategoryID?: string | undefined; ProjectID?: string | undefined; }>' is not assignable to type 'ResolverOptions<{ Type: "income" | "expense"; Date: Date; Amount: unknown; PeopleID: string; Description?: string | undefined; CategoryID?: string | undefined; SubCategoryID?: string | undefined; ProjectID?: string | undefined; }>'.
      Type 'unknown' is not assignable to type 'number'.
src/components/expenses/add-transaction-dialog.tsx(178,55): error TS2345: Argument of type '(values: z.infer<typeof formSchema>) => Promise<void>' is not assignable to parameter of type 'SubmitHandler<TFieldValues>'.
  Types of parameters 'values' and 'data' are incompatible.
    Type 'TFieldValues' is not assignable to type '{ Type: "income" | "expense"; Date: Date; Amount: number; PeopleID: string; Description?: string | undefined; CategoryID?: string | undefined; SubCategoryID?: string | undefined; ProjectID?: string | undefined; }'.
      Type 'FieldValues' is missing the following properties from type '{ Type: "income" | "expense"; Date: Date; Amount: number; PeopleID: string; Description?: string | undefined; CategoryID?: string | undefined; SubCategoryID?: string | undefined; ProjectID?: string | undefined; }': Type, Date, Amount, PeopleID
src/components/expenses/add-transaction-dialog.tsx(181,33): error TS2322: Type 'Control<{ Type: "income" | "expense"; Date: Date; Amount: number; PeopleID: string; Description?: string | undefined; CategoryID?: string | undefined; SubCategoryID?: string | undefined; ProjectID?: string | undefined; }, any, TFieldValues>' is not assignable to type 'Control<{ Type: "income" | "expense"; Date: Date; Amount: number; PeopleID: string; Description?: string | undefined; CategoryID?: string | undefined; SubCategoryID?: string | undefined; ProjectID?: string | undefined; }, any, { ...; }>'.
  The types of '_options.resolver' are incompatible between these types.
    Type 'Resolver<{ Type: "income" | "expense"; Date: Date; Amount: number; PeopleID: string; Description?: string | undefined; CategoryID?: string | undefined; SubCategoryID?: string | undefined; ProjectID?: string | undefined; }, any, TFieldValues> | undefined' is not assignable to type 'Resolver<{ Type: "income" | "expense"; Date: Date; Amount: number; PeopleID: string; Description?: string | undefined; CategoryID?: string | undefined; SubCategoryID?: string | undefined; ProjectID?: string | undefined; }, any, { ...; }> | undefined'.
      Type 'Resolver<{ Type: "income" | "expense"; Date: Date; Amount: number; PeopleID: string; Description?: string | undefined; CategoryID?: string | undefined; SubCategoryID?: string | undefined; ProjectID?: string | undefined; }, any, TFieldValues>' is not assignable to type 'Resolver<{ Type: "income" | "expense"; Date: Date; Amount: number; PeopleID: string; Description?: string | undefined; CategoryID?: string | undefined; SubCategoryID?: string | undefined; ProjectID?: string | undefined; }, any, { ...; }>'.
        Type 'ResolverResult<{ Type: "income" | "expense"; Date: Date; Amount: number; PeopleID: string; Description?: string | undefined; CategoryID?: string | undefined; SubCategoryID?: string | undefined; ProjectID?: string | undefined; }, TFieldValues> | Promise<...>' is not assignable to type 'ResolverResult<{ Type: "income" | "expense"; Date: Date; Amount: number; PeopleID: string; Description?: string | undefined; CategoryID?: string | undefined; SubCategoryID?: string | undefined; ProjectID?: string | undefined; }, { ...; }> | Promise<...>'.
          Type 'ResolverSuccess<TFieldValues>' is not assignable to type 'ResolverResult<{ Type: "income" | "expense"; Date: Date; Amount: number; PeopleID: string; Description?: string | undefined; CategoryID?: string | undefined; SubCategoryID?: string | undefined; ProjectID?: string | undefined; }, { ...; }> | Promise<...>'.
            Type 'ResolverSuccess<TFieldValues>' is not assignable to type 'ResolverSuccess<{ Type: "income" | "expense"; Date: Date; Amount: number; PeopleID: string; Description?: string | undefined; CategoryID?: string | undefined; SubCategoryID?: string | undefined; ProjectID?: string | undefined; }>'.
              Type 'TFieldValues' is not assignable to type '{ Type: "income" | "expense"; Date: Date; Amount: number; PeopleID: string; Description?: string | undefined; CategoryID?: string | undefined; SubCategoryID?: string | undefined; ProjectID?: string | undefined; }'.
                Type 'FieldValues' is missing the following properties from type '{ Type: "income" | "expense"; Date: Date; Amount: number; PeopleID: string; Description?: string | undefined; CategoryID?: string | undefined; SubCategoryID?: string | undefined; ProjectID?: string | undefined; }': Type, Date, Amount, PeopleID
src/components/expenses/add-transaction-dialog.tsx(222,33): error TS2322: Type 'Control<{ Type: "income" | "expense"; Date: Date; Amount: number; PeopleID: string; Description?: string | undefined; CategoryID?: string | undefined; SubCategoryID?: string | undefined; ProjectID?: string | undefined; }, any, TFieldValues>' is not assignable to type 'Control<{ Type: "income" | "expense"; Date: Date; Amount: number; PeopleID: string; Description?: string | undefined; CategoryID?: string | undefined; SubCategoryID?: string | undefined; ProjectID?: string | undefined; }, any, { ...; }>'.
  The types of '_options.resolver' are incompatible between these types.
    Type 'Resolver<{ Type: "income" | "expense"; Date: Date; Amount: number; PeopleID: string; Description?: string | undefined; CategoryID?: string | undefined; SubCategoryID?: string | undefined; ProjectID?: string | undefined; }, any, TFieldValues> | undefined' is not assignable to type 'Resolver<{ Type: "income" | "expense"; Date: Date; Amount: number; PeopleID: string; Description?: string | undefined; CategoryID?: string | undefined; SubCategoryID?: string | undefined; ProjectID?: string | undefined; }, any, { ...; }> | undefined'.
      Type 'Resolver<{ Type: "income" | "expense"; Date: Date; Amount: number; PeopleID: string; Description?: string | undefined; CategoryID?: string | undefined; SubCategoryID?: string | undefined; ProjectID?: string | undefined; }, any, TFieldValues>' is not assignable to type 'Resolver<{ Type: "income" | "expense"; Date: Date; Amount: number; PeopleID: string; Description?: string | undefined; CategoryID?: string | undefined; SubCategoryID?: string | undefined; ProjectID?: string | undefined; }, any, { ...; }>'.
        Type 'ResolverResult<{ Type: "income" | "expense"; Date: Date; Amount: number; PeopleID: string; Description?: string | undefined; CategoryID?: string | undefined; SubCategoryID?: string | undefined; ProjectID?: string | undefined; }, TFieldValues> | Promise<...>' is not assignable to type 'ResolverResult<{ Type: "income" | "expense"; Date: Date; Amount: number; PeopleID: string; Description?: string | undefined; CategoryID?: string | undefined; SubCategoryID?: string | undefined; ProjectID?: string | undefined; }, { ...; }> | Promise<...>'.
          Type 'ResolverSuccess<TFieldValues>' is not assignable to type 'ResolverResult<{ Type: "income" | "expense"; Date: Date; Amount: number; PeopleID: string; Description?: string | undefined; CategoryID?: string | undefined; SubCategoryID?: string | undefined; ProjectID?: string | undefined; }, { ...; }> | Promise<...>'.
            Type 'ResolverSuccess<TFieldValues>' is not assignable to type 'ResolverSuccess<{ Type: "income" | "expense"; Date: Date; Amount: number; PeopleID: string; Description?: string | undefined; CategoryID?: string | undefined; SubCategoryID?: string | undefined; ProjectID?: string | undefined; }>'.
              Type 'TFieldValues' is not assignable to type '{ Type: "income" | "expense"; Date: Date; Amount: number; PeopleID: string; Description?: string | undefined; CategoryID?: string | undefined; SubCategoryID?: string | undefined; ProjectID?: string | undefined; }'.
                Type 'FieldValues' is missing the following properties from type '{ Type: "income" | "expense"; Date: Date; Amount: number; PeopleID: string; Description?: string | undefined; CategoryID?: string | undefined; SubCategoryID?: string | undefined; ProjectID?: string | undefined; }': Type, Date, Amount, PeopleID
src/components/expenses/add-transaction-dialog.tsx(237,29): error TS2322: Type 'Control<{ Type: "income" | "expense"; Date: Date; Amount: number; PeopleID: string; Description?: string | undefined; CategoryID?: string | undefined; SubCategoryID?: string | undefined; ProjectID?: string | undefined; }, any, TFieldValues>' is not assignable to type 'Control<{ Type: "income" | "expense"; Date: Date; Amount: number; PeopleID: string; Description?: string | undefined; CategoryID?: string | undefined; SubCategoryID?: string | undefined; ProjectID?: string | undefined; }, any, { ...; }>'.
  The types of '_options.resolver' are incompatible between these types.
    Type 'Resolver<{ Type: "income" | "expense"; Date: Date; Amount: number; PeopleID: string; Description?: string | undefined; CategoryID?: string | undefined; SubCategoryID?: string | undefined; ProjectID?: string | undefined; }, any, TFieldValues> | undefined' is not assignable to type 'Resolver<{ Type: "income" | "expense"; Date: Date; Amount: number; PeopleID: string; Description?: string | undefined; CategoryID?: string | undefined; SubCategoryID?: string | undefined; ProjectID?: string | undefined; }, any, { ...; }> | undefined'.
      Type 'Resolver<{ Type: "income" | "expense"; Date: Date; Amount: number; PeopleID: string; Description?: string | undefined; CategoryID?: string | undefined; SubCategoryID?: string | undefined; ProjectID?: string | undefined; }, any, TFieldValues>' is not assignable to type 'Resolver<{ Type: "income" | "expense"; Date: Date; Amount: number; PeopleID: string; Description?: string | undefined; CategoryID?: string | undefined; SubCategoryID?: string | undefined; ProjectID?: string | undefined; }, any, { ...; }>'.
        Type 'ResolverResult<{ Type: "income" | "expense"; Date: Date; Amount: number; PeopleID: string; Description?: string | undefined; CategoryID?: string | undefined; SubCategoryID?: string | undefined; ProjectID?: string | undefined; }, TFieldValues> | Promise<...>' is not assignable to type 'ResolverResult<{ Type: "income" | "expense"; Date: Date; Amount: number; PeopleID: string; Description?: string | undefined; CategoryID?: string | undefined; SubCategoryID?: string | undefined; ProjectID?: string | undefined; }, { ...; }> | Promise<...>'.
          Type 'ResolverSuccess<TFieldValues>' is not assignable to type 'ResolverResult<{ Type: "income" | "expense"; Date: Date; Amount: number; PeopleID: string; Description?: string | undefined; CategoryID?: string | undefined; SubCategoryID?: string | undefined; ProjectID?: string | undefined; }, { ...; }> | Promise<...>'.
            Type 'ResolverSuccess<TFieldValues>' is not assignable to type 'ResolverSuccess<{ Type: "income" | "expense"; Date: Date; Amount: number; PeopleID: string; Description?: string | undefined; CategoryID?: string | undefined; SubCategoryID?: string | undefined; ProjectID?: string | undefined; }>'.
              Type 'TFieldValues' is not assignable to type '{ Type: "income" | "expense"; Date: Date; Amount: number; PeopleID: string; Description?: string | undefined; CategoryID?: string | undefined; SubCategoryID?: string | undefined; ProjectID?: string | undefined; }'.
                Type 'FieldValues' is missing the following properties from type '{ Type: "income" | "expense"; Date: Date; Amount: number; PeopleID: string; Description?: string | undefined; CategoryID?: string | undefined; SubCategoryID?: string | undefined; ProjectID?: string | undefined; }': Type, Date, Amount, PeopleID
src/components/expenses/add-transaction-dialog.tsx(252,33): error TS2322: Type 'Control<{ Type: "income" | "expense"; Date: Date; Amount: number; PeopleID: string; Description?: string | undefined; CategoryID?: string | undefined; SubCategoryID?: string | undefined; ProjectID?: string | undefined; }, any, TFieldValues>' is not assignable to type 'Control<{ Type: "income" | "expense"; Date: Date; Amount: number; PeopleID: string; Description?: string | undefined; CategoryID?: string | undefined; SubCategoryID?: string | undefined; ProjectID?: string | undefined; }, any, { ...; }>'.
  The types of '_options.resolver' are incompatible between these types.
    Type 'Resolver<{ Type: "income" | "expense"; Date: Date; Amount: number; PeopleID: string; Description?: string | undefined; CategoryID?: string | undefined; SubCategoryID?: string | undefined; ProjectID?: string | undefined; }, any, TFieldValues> | undefined' is not assignable to type 'Resolver<{ Type: "income" | "expense"; Date: Date; Amount: number; PeopleID: string; Description?: string | undefined; CategoryID?: string | undefined; SubCategoryID?: string | undefined; ProjectID?: string | undefined; }, any, { ...; }> | undefined'.
      Type 'Resolver<{ Type: "income" | "expense"; Date: Date; Amount: number; PeopleID: string; Description?: string | undefined; CategoryID?: string | undefined; SubCategoryID?: string | undefined; ProjectID?: string | undefined; }, any, TFieldValues>' is not assignable to type 'Resolver<{ Type: "income" | "expense"; Date: Date; Amount: number; PeopleID: string; Description?: string | undefined; CategoryID?: string | undefined; SubCategoryID?: string | undefined; ProjectID?: string | undefined; }, any, { ...; }>'.
        Type 'ResolverResult<{ Type: "income" | "expense"; Date: Date; Amount: number; PeopleID: string; Description?: string | undefined; CategoryID?: string | undefined; SubCategoryID?: string | undefined; ProjectID?: string | undefined; }, TFieldValues> | Promise<...>' is not assignable to type 'ResolverResult<{ Type: "income" | "expense"; Date: Date; Amount: number; PeopleID: string; Description?: string | undefined; CategoryID?: string | undefined; SubCategoryID?: string | undefined; ProjectID?: string | undefined; }, { ...; }> | Promise<...>'.
          Type 'ResolverSuccess<TFieldValues>' is not assignable to type 'ResolverResult<{ Type: "income" | "expense"; Date: Date; Amount: number; PeopleID: string; Description?: string | undefined; CategoryID?: string | undefined; SubCategoryID?: string | undefined; ProjectID?: string | undefined; }, { ...; }> | Promise<...>'.
            Type 'ResolverSuccess<TFieldValues>' is not assignable to type 'ResolverSuccess<{ Type: "income" | "expense"; Date: Date; Amount: number; PeopleID: string; Description?: string | undefined; CategoryID?: string | undefined; SubCategoryID?: string | undefined; ProjectID?: string | undefined; }>'.
              Type 'TFieldValues' is not assignable to type '{ Type: "income" | "expense"; Date: Date; Amount: number; PeopleID: string; Description?: string | undefined; CategoryID?: string | undefined; SubCategoryID?: string | undefined; ProjectID?: string | undefined; }'.
                Type 'FieldValues' is missing the following properties from type '{ Type: "income" | "expense"; Date: Date; Amount: number; PeopleID: string; Description?: string | undefined; CategoryID?: string | undefined; SubCategoryID?: string | undefined; ProjectID?: string | undefined; }': Type, Date, Amount, PeopleID
src/components/expenses/add-transaction-dialog.tsx(276,33): error TS2322: Type 'Control<{ Type: "income" | "expense"; Date: Date; Amount: number; PeopleID: string; Description?: string | undefined; CategoryID?: string | undefined; SubCategoryID?: string | undefined; ProjectID?: string | undefined; }, any, TFieldValues>' is not assignable to type 'Control<{ Type: "income" | "expense"; Date: Date; Amount: number; PeopleID: string; Description?: string | undefined; CategoryID?: string | undefined; SubCategoryID?: string | undefined; ProjectID?: string | undefined; }, any, { ...; }>'.
  The types of '_options.resolver' are incompatible between these types.
    Type 'Resolver<{ Type: "income" | "expense"; Date: Date; Amount: number; PeopleID: string; Description?: string | undefined; CategoryID?: string | undefined; SubCategoryID?: string | undefined; ProjectID?: string | undefined; }, any, TFieldValues> | undefined' is not assignable to type 'Resolver<{ Type: "income" | "expense"; Date: Date; Amount: number; PeopleID: string; Description?: string | undefined; CategoryID?: string | undefined; SubCategoryID?: string | undefined; ProjectID?: string | undefined; }, any, { ...; }> | undefined'.
      Type 'Resolver<{ Type: "income" | "expense"; Date: Date; Amount: number; PeopleID: string; Description?: string | undefined; CategoryID?: string | undefined; SubCategoryID?: string | undefined; ProjectID?: string | undefined; }, any, TFieldValues>' is not assignable to type 'Resolver<{ Type: "income" | "expense"; Date: Date; Amount: number; PeopleID: string; Description?: string | undefined; CategoryID?: string | undefined; SubCategoryID?: string | undefined; ProjectID?: string | undefined; }, any, { ...; }>'.
        Type 'ResolverResult<{ Type: "income" | "expense"; Date: Date; Amount: number; PeopleID: string; Description?: string | undefined; CategoryID?: string | undefined; SubCategoryID?: string | undefined; ProjectID?: string | undefined; }, TFieldValues> | Promise<...>' is not assignable to type 'ResolverResult<{ Type: "income" | "expense"; Date: Date; Amount: number; PeopleID: string; Description?: string | undefined; CategoryID?: string | undefined; SubCategoryID?: string | undefined; ProjectID?: string | undefined; }, { ...; }> | Promise<...>'.
          Type 'ResolverSuccess<TFieldValues>' is not assignable to type 'ResolverResult<{ Type: "income" | "expense"; Date: Date; Amount: number; PeopleID: string; Description?: string | undefined; CategoryID?: string | undefined; SubCategoryID?: string | undefined; ProjectID?: string | undefined; }, { ...; }> | Promise<...>'.
            Type 'ResolverSuccess<TFieldValues>' is not assignable to type 'ResolverSuccess<{ Type: "income" | "expense"; Date: Date; Amount: number; PeopleID: string; Description?: string | undefined; CategoryID?: string | undefined; SubCategoryID?: string | undefined; ProjectID?: string | undefined; }>'.
              Type 'TFieldValues' is not assignable to type '{ Type: "income" | "expense"; Date: Date; Amount: number; PeopleID: string; Description?: string | undefined; CategoryID?: string | undefined; SubCategoryID?: string | undefined; ProjectID?: string | undefined; }'.
                Type 'FieldValues' is missing the following properties from type '{ Type: "income" | "expense"; Date: Date; Amount: number; PeopleID: string; Description?: string | undefined; CategoryID?: string | undefined; SubCategoryID?: string | undefined; ProjectID?: string | undefined; }': Type, Date, Amount, PeopleID
src/components/expenses/add-transaction-dialog.tsx(303,33): error TS2322: Type 'Control<{ Type: "income" | "expense"; Date: Date; Amount: number; PeopleID: string; Description?: string | undefined; CategoryID?: string | undefined; SubCategoryID?: string | undefined; ProjectID?: string | undefined; }, any, TFieldValues>' is not assignable to type 'Control<{ Type: "income" | "expense"; Date: Date; Amount: number; PeopleID: string; Description?: string | undefined; CategoryID?: string | undefined; SubCategoryID?: string | undefined; ProjectID?: string | undefined; }, any, { ...; }>'.
  The types of '_options.resolver' are incompatible between these types.
    Type 'Resolver<{ Type: "income" | "expense"; Date: Date; Amount: number; PeopleID: string; Description?: string | undefined; CategoryID?: string | undefined; SubCategoryID?: string | undefined; ProjectID?: string | undefined; }, any, TFieldValues> | undefined' is not assignable to type 'Resolver<{ Type: "income" | "expense"; Date: Date; Amount: number; PeopleID: string; Description?: string | undefined; CategoryID?: string | undefined; SubCategoryID?: string | undefined; ProjectID?: string | undefined; }, any, { ...; }> | undefined'.
      Type 'Resolver<{ Type: "income" | "expense"; Date: Date; Amount: number; PeopleID: string; Description?: string | undefined; CategoryID?: string | undefined; SubCategoryID?: string | undefined; ProjectID?: string | undefined; }, any, TFieldValues>' is not assignable to type 'Resolver<{ Type: "income" | "expense"; Date: Date; Amount: number; PeopleID: string; Description?: string | undefined; CategoryID?: string | undefined; SubCategoryID?: string | undefined; ProjectID?: string | undefined; }, any, { ...; }>'.
        Type 'ResolverResult<{ Type: "income" | "expense"; Date: Date; Amount: number; PeopleID: string; Description?: string | undefined; CategoryID?: string | undefined; SubCategoryID?: string | undefined; ProjectID?: string | undefined; }, TFieldValues> | Promise<...>' is not assignable to type 'ResolverResult<{ Type: "income" | "expense"; Date: Date; Amount: number; PeopleID: string; Description?: string | undefined; CategoryID?: string | undefined; SubCategoryID?: string | undefined; ProjectID?: string | undefined; }, { ...; }> | Promise<...>'.
          Type 'ResolverSuccess<TFieldValues>' is not assignable to type 'ResolverResult<{ Type: "income" | "expense"; Date: Date; Amount: number; PeopleID: string; Description?: string | undefined; CategoryID?: string | undefined; SubCategoryID?: string | undefined; ProjectID?: string | undefined; }, { ...; }> | Promise<...>'.
            Type 'ResolverSuccess<TFieldValues>' is not assignable to type 'ResolverSuccess<{ Type: "income" | "expense"; Date: Date; Amount: number; PeopleID: string; Description?: string | undefined; CategoryID?: string | undefined; SubCategoryID?: string | undefined; ProjectID?: string | undefined; }>'.
              Type 'TFieldValues' is not assignable to type '{ Type: "income" | "expense"; Date: Date; Amount: number; PeopleID: string; Description?: string | undefined; CategoryID?: string | undefined; SubCategoryID?: string | undefined; ProjectID?: string | undefined; }'.
                Type 'FieldValues' is missing the following properties from type '{ Type: "income" | "expense"; Date: Date; Amount: number; PeopleID: string; Description?: string | undefined; CategoryID?: string | undefined; SubCategoryID?: string | undefined; ProjectID?: string | undefined; }': Type, Date, Amount, PeopleID
src/components/expenses/add-transaction-dialog.tsx(327,33): error TS2322: Type 'Control<{ Type: "income" | "expense"; Date: Date; Amount: number; PeopleID: string; Description?: string | undefined; CategoryID?: string | undefined; SubCategoryID?: string | undefined; ProjectID?: string | undefined; }, any, TFieldValues>' is not assignable to type 'Control<{ Type: "income" | "expense"; Date: Date; Amount: number; PeopleID: string; Description?: string | undefined; CategoryID?: string | undefined; SubCategoryID?: string | undefined; ProjectID?: string | undefined; }, any, { ...; }>'.
  The types of '_options.resolver' are incompatible between these types.
    Type 'Resolver<{ Type: "income" | "expense"; Date: Date; Amount: number; PeopleID: string; Description?: string | undefined; CategoryID?: string | undefined; SubCategoryID?: string | undefined; ProjectID?: string | undefined; }, any, TFieldValues> | undefined' is not assignable to type 'Resolver<{ Type: "income" | "expense"; Date: Date; Amount: number; PeopleID: string; Description?: string | undefined; CategoryID?: string | undefined; SubCategoryID?: string | undefined; ProjectID?: string | undefined; }, any, { ...; }> | undefined'.
      Type 'Resolver<{ Type: "income" | "expense"; Date: Date; Amount: number; PeopleID: string; Description?: string | undefined; CategoryID?: string | undefined; SubCategoryID?: string | undefined; ProjectID?: string | undefined; }, any, TFieldValues>' is not assignable to type 'Resolver<{ Type: "income" | "expense"; Date: Date; Amount: number; PeopleID: string; Description?: string | undefined; CategoryID?: string | undefined; SubCategoryID?: string | undefined; ProjectID?: string | undefined; }, any, { ...; }>'.
        Type 'ResolverResult<{ Type: "income" | "expense"; Date: Date; Amount: number; PeopleID: string; Description?: string | undefined; CategoryID?: string | undefined; SubCategoryID?: string | undefined; ProjectID?: string | undefined; }, TFieldValues> | Promise<...>' is not assignable to type 'ResolverResult<{ Type: "income" | "expense"; Date: Date; Amount: number; PeopleID: string; Description?: string | undefined; CategoryID?: string | undefined; SubCategoryID?: string | undefined; ProjectID?: string | undefined; }, { ...; }> | Promise<...>'.
          Type 'ResolverSuccess<TFieldValues>' is not assignable to type 'ResolverResult<{ Type: "income" | "expense"; Date: Date; Amount: number; PeopleID: string; Description?: string | undefined; CategoryID?: string | undefined; SubCategoryID?: string | undefined; ProjectID?: string | undefined; }, { ...; }> | Promise<...>'.
            Type 'ResolverSuccess<TFieldValues>' is not assignable to type 'ResolverSuccess<{ Type: "income" | "expense"; Date: Date; Amount: number; PeopleID: string; Description?: string | undefined; CategoryID?: string | undefined; SubCategoryID?: string | undefined; ProjectID?: string | undefined; }>'.
              Type 'TFieldValues' is not assignable to type '{ Type: "income" | "expense"; Date: Date; Amount: number; PeopleID: string; Description?: string | undefined; CategoryID?: string | undefined; SubCategoryID?: string | undefined; ProjectID?: string | undefined; }'.
                Type 'FieldValues' is missing the following properties from type '{ Type: "income" | "expense"; Date: Date; Amount: number; PeopleID: string; Description?: string | undefined; CategoryID?: string | undefined; SubCategoryID?: string | undefined; ProjectID?: string | undefined; }': Type, Date, Amount, PeopleID
